
Memory Configuration

Name             Origin             Length             Attributes
bram             0x00000000         0x00001000
*default*        0x00000000         0xffffffff

Linker script and memory map

                0x00000000                __DYNAMIC = 0x0
                0x00000000                _BRAM_START = 0x0
                0x00001000                _BRAM_SIZE = 0x1000
                0x00001000                _BRAM_END = (_BRAM_START + _BRAM_SIZE)

.text           0x00000000      0x1c4
                0x00000000                _ftext = .
 *(.text .stub .text.* .gnu.linkonce.t.*)
 .text          0x00000000       0x8c crt0ram.o
                0x00000000                _start
                0x00000060                irq_enable
                0x0000006c                irq_mask
                0x00000078                irq_disable
                0x00000084                jump
                0x00000088                halt
 .text          0x0000008c       0x60 main.o
                0x0000008c                main
 .text          0x000000ec       0xd8 soc-hw.o
                0x000000ec                sleep
                0x00000120                tic_init
                0x00000144                uart_init
                0x00000148                uart_getchar
                0x0000016c                uart_putchar
                0x00000190                uart_putstr
                0x000001c4                _etext = .

.rodata         0x000001c4        0x0
                0x000001c4                . = ALIGN (0x4)
                0x000001c4                _frodata = .
 *(.rodata .rodata.* .gnu.linkonce.r.*)
 *(.rodata1)
                0x000001c4                _erodata = .

.data           0x000001c4       0x10
                0x000001c4                . = ALIGN (0x4)
                0x000001c4                _fdata = .
 *(.data .data.* .gnu.linkonce.d.*)
 .data          0x000001c4        0x0 crt0ram.o
 .data          0x000001c4        0x0 main.o
 .data          0x000001c4       0x10 soc-hw.o
                0x000001c4                uart0
                0x000001c8                timer0
                0x000001cc                gpio0
                0x000001d0                sram0
 *(.data1)
                0x000001e0                _gp = ALIGN (0x10)
 *(.sdata .sdata.* .gnu.linkonce.s.*)
                0x000001d4                _edata = .

.bss            0x000001d4        0x4
                0x000001d4                . = ALIGN (0x4)
                0x000001d4                _fbss = .
 *(.dynsbss)
 *(.sbss .sbss.* .gnu.linkonce.sb.*)
 *(.scommon)
 *(.dynbss)
 *(.bss .bss.* .gnu.linkonce.b.*)
 .bss           0x000001d4        0x0 crt0ram.o
 .bss           0x000001d4        0x0 main.o
 .bss           0x000001d4        0x4 soc-hw.o
                0x000001d4                msec
 *(COMMON)
                0x000001d8                _ebss = .
                0x000001d8                _end = .
                0x00000ffc                PROVIDE (_fstack, ((ORIGIN (bram) + 0x1000) - 0x4))
LOAD crt0ram.o
LOAD main.o
LOAD soc-hw.o
OUTPUT(image elf32-lm32)

.debug_abbrev   0x00000000      0x206
 .debug_abbrev  0x00000000       0xb8 main.o
 .debug_abbrev  0x000000b8      0x14e soc-hw.o

.debug_info     0x00000000      0x3d7
 .debug_info    0x00000000       0xee main.o
 .debug_info    0x000000ee      0x2e9 soc-hw.o

.debug_line     0x00000000      0x1c6
 .debug_line    0x00000000       0x9a main.o
 .debug_line    0x0000009a      0x12c soc-hw.o

.debug_frame    0x00000000       0x90
 .debug_frame   0x00000000       0x20 main.o
 .debug_frame   0x00000020       0x70 soc-hw.o

.debug_loc      0x00000000      0x108
 .debug_loc     0x00000000       0xb1 main.o
 .debug_loc     0x000000b1       0x57 soc-hw.o

.debug_pubnames
                0x00000000       0xb6
 .debug_pubnames
                0x00000000       0x1b main.o
 .debug_pubnames
                0x0000001b       0x9b soc-hw.o

.debug_pubtypes
                0x00000000       0x6b
 .debug_pubtypes
                0x00000000       0x2a main.o
 .debug_pubtypes
                0x0000002a       0x41 soc-hw.o

.debug_aranges  0x00000000       0x40
 .debug_aranges
                0x00000000       0x20 main.o
 .debug_aranges
                0x00000020       0x20 soc-hw.o

.debug_str      0x00000000      0x176
 .debug_str     0x00000000       0xbf main.o
                                 0xcb (size before relaxing)
 .debug_str     0x000000bf       0xb7 soc-hw.o
                                0x165 (size before relaxing)

.comment        0x00000000       0x27
 .comment       0x00000000       0x27 main.o
                                 0x28 (size before relaxing)
 .comment       0x00000000       0x28 soc-hw.o
